#
# There is insufficient memory for the Java Runtime Environment to continue.
# Native memory allocation (malloc) failed to allocate 125696 bytes. Error detail: Chunk::new
# Possible reasons:
#   The system is out of physical RAM or swap space
#   This process is running with CompressedOops enabled, and the Java Heap may be blocking the growth of the native heap
# Possible solutions:
#   Reduce memory load on the system
#   Increase physical memory or swap space
#   Check if swap backing store is full
#   Decrease Java heap size (-Xmx/-Xms)
#   Decrease number of Java threads
#   Decrease Java thread stack sizes (-Xss)
#   Set larger code cache with -XX:ReservedCodeCacheSize=
#   JVM is running with Unscaled Compressed Oops mode in which the Java heap is
#     placed in the first 4GB address space. The Java Heap base address is the
#     maximum limit for the native heap growth. Please use -XX:HeapBaseMinAddress
#     to set the Java Heap base and to place the Java Heap above 4GB virtual address.
# This output file may be truncated or incomplete.
#
#  Out of Memory Error (arena.cpp:168), pid=16840, tid=22860
#
# JRE version: OpenJDK Runtime Environment Temurin-21.0.8+9 (21.0.8+9) (build 21.0.8+9-LTS)
# Java VM: OpenJDK 64-Bit Server VM Temurin-21.0.8+9 (21.0.8+9-LTS, mixed mode, sharing, tiered, compressed oops, compressed class ptrs, parallel gc, windows-amd64)
# No core dump will be written. Minidumps are not enabled by default on client versions of Windows
#

---------------  S U M M A R Y ------------

Command Line: --add-modules=ALL-SYSTEM --add-opens=java.base/java.util=ALL-UNNAMED --add-opens=java.base/java.lang=ALL-UNNAMED --add-opens=java.base/sun.nio.fs=ALL-UNNAMED -Declipse.application=org.eclipse.jdt.ls.core.id1 -Dosgi.bundles.defaultStartLevel=4 -Declipse.product=org.eclipse.jdt.ls.core.product -Djava.import.generatesMetadataFilesAtProjectRoot=false -DDetectVMInstallationsJob.disabled=true -Dfile.encoding=utf8 -XX:+UseParallelGC -XX:GCTimeRatio=4 -XX:AdaptiveSizePolicyWeight=90 -Dsun.zip.disableMemoryMapping=true -Xmx2G -Xms100m -Xlog:disable -javaagent:c:\Users\taing\.vscode\extensions\redhat.java-1.45.0-win32-x64\lombok\lombok-1.18.39-4050.jar -XX:+HeapDumpOnOutOfMemoryError -XX:HeapDumpPath=c:\Users\taing\AppData\Roaming\Code\User\workspaceStorage\119ec72e7fbf3ca6addfd808ea90f62c\redhat.java -Daether.dependencyCollector.impl=bf c:\Users\taing\.vscode\extensions\redhat.java-1.45.0-win32-x64\server\plugins\org.eclipse.equinox.launcher_1.7.0.v20250519-0528.jar -configuration c:\Users\taing\AppData\Roaming\Code\User\globalStorage\redhat.java\1.45.0\config_win -data c:\Users\taing\AppData\Roaming\Code\User\workspaceStorage\119ec72e7fbf3ca6addfd808ea90f62c\redhat.java\jdt_ws --pipe=\\.\pipe\lsp-133b4f7aa1b0773e82aef5c9228c9956-sock

Host: Intel(R) Core(TM) i5-10300H CPU @ 2.50GHz, 8 cores, 15G,  Windows 11 , 64 bit Build 26100 (10.0.26100.5074)
Time: Fri Sep 26 02:43:58 2025 SE Asia Standard Time elapsed time: 15.280241 seconds (0d 0h 0m 15s)

---------------  T H R E A D  ---------------

Current thread (0x00000260f68f8930):  JavaThread "C2 CompilerThread1" daemon [_thread_in_native, id=22860, stack(0x000000e95f400000,0x000000e95f500000) (1024K)]


Current CompileTask:
C2:15280 2731       4       com.sun.org.apache.xerces.internal.impl.io.UTF8Reader::read (1443 bytes)

Stack: [0x000000e95f400000,0x000000e95f500000]
Native frames: (J=compiled Java code, j=interpreted, Vv=VM code, C=native code)
V  [jvm.dll+0x6d2449]
V  [jvm.dll+0x8ae341]
V  [jvm.dll+0x8b08be]
V  [jvm.dll+0x8b0fa3]
V  [jvm.dll+0x280c96]
V  [jvm.dll+0xc581d]
V  [jvm.dll+0xc5d53]
V  [jvm.dll+0x2f539d]
V  [jvm.dll+0x5fa00a]
V  [jvm.dll+0x252092]
V  [jvm.dll+0x25244f]
V  [jvm.dll+0x24ad14]
V  [jvm.dll+0x2483a4]
V  [jvm.dll+0x1c89ee]
V  [jvm.dll+0x257d4d]
V  [jvm.dll+0x2562ea]
V  [jvm.dll+0x3f2d16]
V  [jvm.dll+0x857e6b]
V  [jvm.dll+0x6d0b0d]
C  [ucrtbase.dll+0x37b0]
C  [KERNEL32.DLL+0x2e8d7]
C  [ntdll.dll+0x8d9c]


---------------  P R O C E S S  ---------------

Threads class SMR info:
_java_thread_list=0x00000260f1c5e6a0, length=19, elements={
0x00000260d75ae760, 0x00000260d98b83a0, 0x00000260d99fd0e0, 0x00000260d98baa40,
0x00000260d98bb910, 0x00000260d98be470, 0x00000260d98beec0, 0x00000260d98bfc40,
0x00000260f1bfa000, 0x00000260f1c844e0, 0x00000260f1e9a940, 0x00000260f67696b0,
0x00000260d98edd00, 0x00000260f6785800, 0x00000260f66cfe90, 0x00000260f6cd9060,
0x00000260f6b95970, 0x00000260f63a5c90, 0x00000260f68f8930
}

Java Threads: ( => current thread )
  0x00000260d75ae760 JavaThread "main"                              [_thread_blocked, id=15476, stack(0x000000e95d800000,0x000000e95d900000) (1024K)]
  0x00000260d98b83a0 JavaThread "Reference Handler"          daemon [_thread_blocked, id=19532, stack(0x000000e95dc00000,0x000000e95dd00000) (1024K)]
  0x00000260d99fd0e0 JavaThread "Finalizer"                  daemon [_thread_blocked, id=24844, stack(0x000000e95dd00000,0x000000e95de00000) (1024K)]
  0x00000260d98baa40 JavaThread "Signal Dispatcher"          daemon [_thread_blocked, id=14340, stack(0x000000e95de00000,0x000000e95df00000) (1024K)]
  0x00000260d98bb910 JavaThread "Attach Listener"            daemon [_thread_blocked, id=19264, stack(0x000000e95df00000,0x000000e95e000000) (1024K)]
  0x00000260d98be470 JavaThread "Service Thread"             daemon [_thread_blocked, id=21704, stack(0x000000e95e000000,0x000000e95e100000) (1024K)]
  0x00000260d98beec0 JavaThread "Monitor Deflation Thread"   daemon [_thread_blocked, id=8732, stack(0x000000e95e100000,0x000000e95e200000) (1024K)]
  0x00000260d98bfc40 JavaThread "C2 CompilerThread0"         daemon [_thread_blocked, id=6512, stack(0x000000e95e200000,0x000000e95e300000) (1024K)]
  0x00000260f1bfa000 JavaThread "C1 CompilerThread0"         daemon [_thread_in_native, id=15888, stack(0x000000e95e300000,0x000000e95e400000) (1024K)]
  0x00000260f1c844e0 JavaThread "Common-Cleaner"             daemon [_thread_blocked, id=21996, stack(0x000000e95e400000,0x000000e95e500000) (1024K)]
  0x00000260f1e9a940 JavaThread "Notification Thread"        daemon [_thread_blocked, id=18468, stack(0x000000e95e600000,0x000000e95e700000) (1024K)]
  0x00000260f67696b0 JavaThread "Active Thread: Equinox Container: c4c02daf-be9e-47b0-b49a-097b9b852386"        [_thread_blocked, id=15896, stack(0x000000e95e500000,0x000000e95e600000) (1024K)]
  0x00000260d98edd00 JavaThread "Refresh Thread: Equinox Container: c4c02daf-be9e-47b0-b49a-097b9b852386" daemon [_thread_blocked, id=22128, stack(0x000000e95ed00000,0x000000e95ee00000) (1024K)]
  0x00000260f6785800 JavaThread "Framework Event Dispatcher: Equinox Container: c4c02daf-be9e-47b0-b49a-097b9b852386" daemon [_thread_blocked, id=20100, stack(0x000000e95ef00000,0x000000e95f000000) (1024K)]
  0x00000260f66cfe90 JavaThread "Start Level: Equinox Container: c4c02daf-be9e-47b0-b49a-097b9b852386" daemon [_thread_in_Java, id=23424, stack(0x000000e95f000000,0x000000e95f100000) (1024K)]
  0x00000260f6cd9060 JavaThread "Bundle File Closer"         daemon [_thread_blocked, id=20856, stack(0x000000e95f200000,0x000000e95f300000) (1024K)]
  0x00000260f6b95970 JavaThread "SCR Component Actor"        daemon [_thread_blocked, id=24524, stack(0x000000e95f100000,0x000000e95f200000) (1024K)]
  0x00000260f63a5c90 JavaThread "SCR Component Registry"     daemon [_thread_blocked, id=22016, stack(0x000000e95f300000,0x000000e95f400000) (1024K)]
=>0x00000260f68f8930 JavaThread "C2 CompilerThread1"         daemon [_thread_in_native, id=22860, stack(0x000000e95f400000,0x000000e95f500000) (1024K)]
Total: 19

Other Threads:
  0x00000260d99e19c0 VMThread "VM Thread"                           [id=2912, stack(0x000000e95db00000,0x000000e95dc00000) (1024K)]
  0x00000260d97cca00 WatcherThread "VM Periodic Task Thread"        [id=24172, stack(0x000000e95da00000,0x000000e95db00000) (1024K)]
  0x00000260d9961e50 WorkerThread "GC Thread#0"                     [id=16008, stack(0x000000e95d900000,0x000000e95da00000) (1024K)]
  0x00000260f1dee3d0 WorkerThread "GC Thread#1"                     [id=20112, stack(0x000000e95e700000,0x000000e95e800000) (1024K)]
  0x00000260f1dee770 WorkerThread "GC Thread#2"                     [id=21356, stack(0x000000e95e800000,0x000000e95e900000) (1024K)]
  0x00000260f1deeb10 WorkerThread "GC Thread#3"                     [id=16260, stack(0x000000e95e900000,0x000000e95ea00000) (1024K)]
  0x00000260f6607860 WorkerThread "GC Thread#4"                     [id=15328, stack(0x000000e95ea00000,0x000000e95eb00000) (1024K)]
  0x00000260f6607c00 WorkerThread "GC Thread#5"                     [id=18928, stack(0x000000e95eb00000,0x000000e95ec00000) (1024K)]
  0x00000260f6607fa0 WorkerThread "GC Thread#6"                     [id=16052, stack(0x000000e95ec00000,0x000000e95ed00000) (1024K)]
  0x00000260d98ee360 WorkerThread "GC Thread#7"                     [id=13940, stack(0x000000e95ee00000,0x000000e95ef00000) (1024K)]
Total: 10

Threads with active compile tasks:
C1 CompilerThread0  15305 2789       3       com.sun.org.apache.xerces.internal.impl.XMLEntityManager::setProperty (307 bytes)
C2 CompilerThread1  15305 2731       4       com.sun.org.apache.xerces.internal.impl.io.UTF8Reader::read (1443 bytes)
Total: 2

VM state: not at safepoint (normal execution)

VM Mutex/Monitor currently owned by a thread: None

Heap address: 0x0000000080000000, size: 2048 MB, Compressed Oops mode: 32-bit

CDS archive(s) mapped at: [0x0000026080000000-0x0000026080ba0000-0x0000026080ba0000), size 12189696, SharedBaseAddress: 0x0000026080000000, ArchiveRelocationMode: 1.
Compressed class space mapped at: 0x0000026081000000-0x00000260c1000000, reserved size: 1073741824
Narrow klass base: 0x0000026080000000, Narrow klass shift: 0, Narrow klass range: 0x100000000

GC Precious Log:
 CardTable entry size: 512
 CPUs: 8 total, 8 available
 Memory: 16215M
 Large Page Support: Disabled
 NUMA Support: Disabled
 Compressed Oops: Enabled (32-bit)
 Alignments: Space 512K, Generation 512K, Heap 2M
 Heap Min Capacity: 100M
 Heap Initial Capacity: 100M
 Heap Max Capacity: 2G
 Pre-touch: Disabled
 Parallel Workers: 8

Heap:
 PSYoungGen      total 29696K, used 9648K [0x00000000d5580000, 0x00000000d7680000, 0x0000000100000000)
  eden space 25600K, 21% used [0x00000000d5580000,0x00000000d5aef730,0x00000000d6e80000)
  from space 4096K, 99% used [0x00000000d7280000,0x00000000d767cc30,0x00000000d7680000)
  to   space 4096K, 0% used [0x00000000d6e80000,0x00000000d6e80000,0x00000000d7280000)
 ParOldGen       total 68608K, used 6580K [0x0000000080000000, 0x0000000084300000, 0x00000000d5580000)
  object space 68608K, 9% used [0x0000000080000000,0x000000008066d038,0x0000000084300000)
 Metaspace       used 12388K, committed 12736K, reserved 1114112K
  class space    used 1298K, committed 1472K, reserved 1048576K

Card table byte_map: [0x00000260d92e0000,0x00000260d96f0000] _byte_map_base: 0x00000260d8ee0000

Marking Bits: (ParMarkBitMap*) 0x00007ffe180ea340
 Begin Bits: [0x00000260ebde0000, 0x00000260edde0000)
 End Bits:   [0x00000260edde0000, 0x00000260efde0000)

Polling page: 0x00000260d79c0000

Metaspace:

Usage:
  Non-class:     10.83 MB used.
      Class:      1.27 MB used.
       Both:     12.10 MB used.

Virtual space:
  Non-class space:       64.00 MB reserved,      11.00 MB ( 17%) committed,  1 nodes.
      Class space:        1.00 GB reserved,       1.44 MB ( <1%) committed,  1 nodes.
             Both:        1.06 GB reserved,      12.44 MB (  1%) committed. 

Chunk freelists:
   Non-Class:  4.08 MB
       Class:  14.58 MB
        Both:  18.66 MB

MaxMetaspaceSize: unlimited
CompressedClassSpaceSize: 1.00 GB
Initial GC threshold: 21.00 MB
Current GC threshold: 21.00 MB
CDS: on
 - commit_granule_bytes: 65536.
 - commit_granule_words: 8192.
 - virtual_space_node_default_size: 8388608.
 - enlarge_chunks_in_place: 1.
 - use_allocation_guard: 0.


Internal statistics:

num_allocs_failed_limit: 0.
num_arena_births: 282.
num_arena_deaths: 0.
num_vsnodes_births: 2.
num_vsnodes_deaths: 0.
num_space_committed: 199.
num_space_uncommitted: 0.
num_chunks_returned_to_freelist: 0.
num_chunks_taken_from_freelist: 639.
num_chunk_merges: 0.
num_chunk_splits: 397.
num_chunks_enlarged: 272.
num_inconsistent_stats: 0.

CodeHeap 'non-profiled nmethods': size=120000Kb used=1267Kb max_used=1267Kb free=118732Kb
 bounds [0x00000260e4600000, 0x00000260e4870000, 0x00000260ebb30000]
CodeHeap 'profiled nmethods': size=120000Kb used=5491Kb max_used=5491Kb free=114508Kb
 bounds [0x00000260dcb30000, 0x00000260dd090000, 0x00000260e4060000]
CodeHeap 'non-nmethods': size=5760Kb used=1240Kb max_used=1277Kb free=4519Kb
 bounds [0x00000260e4060000, 0x00000260e42d0000, 0x00000260e4600000]
CodeCache: size=245760Kb, used=7998Kb, max_used=8035Kb, free=237759Kb
 total_blobs=3294, nmethods=2787, adapters=413, full_count=0
Compilation: enabled, stopped_count=0, restarted_count=0

Compilation events (20 events):
Event: 15.273 Thread 0x00000260f1bfa000 nmethod 2701 0x00000260dd05f610 code [0x00000260dd05f7c0, 0x00000260dd05f9d8]
Event: 15.273 Thread 0x00000260f1bfa000 2726       3       com.sun.org.apache.xerces.internal.impl.XMLEntityScanner::arrangeCapacity (227 bytes)
Event: 15.273 Thread 0x00000260d98bfc40 2728       4       com.sun.org.apache.xerces.internal.impl.XMLEntityScanner::peekChar (63 bytes)
Event: 15.273 Thread 0x00000260f1bfa000 nmethod 2726 0x00000260dd05fb10 code [0x00000260dd05fd40, 0x00000260dd060330]
Event: 15.273 Thread 0x00000260f1bfa000 2725       3       org.eclipse.core.internal.registry.ExtensionPoint::ensureExtraInformationType (40 bytes)
Event: 15.273 Thread 0x00000260f1bfa000 nmethod 2725 0x00000260dd060610 code [0x00000260dd0607e0, 0x00000260dd060cd0]
Event: 15.273 Thread 0x00000260f1bfa000 2727       3       com.sun.org.apache.xerces.internal.impl.XMLDocumentFragmentScannerImpl::scanEndElement (171 bytes)
Event: 15.273 Thread 0x00000260f68f8930 2731       4       com.sun.org.apache.xerces.internal.impl.io.UTF8Reader::read (1443 bytes)
Event: 15.273 Thread 0x00000260d98bfc40 nmethod 2728 0x00000260e4738a10 code [0x00000260e4738ba0, 0x00000260e4738cf0]
Event: 15.274 Thread 0x00000260f1bfa000 nmethod 2727 0x00000260dd060e10 code [0x00000260dd0610a0, 0x00000260dd061d60]
Event: 15.274 Thread 0x00000260f1bfa000 2734       3       com.sun.org.apache.xerces.internal.impl.XMLEntityScanner::checkBeforeLoad (140 bytes)
Event: 15.274 Thread 0x00000260f1bfa000 nmethod 2734 0x00000260dd062110 code [0x00000260dd062300, 0x00000260dd0627e0]
Event: 15.274 Thread 0x00000260f1bfa000 2735       3       com.sun.org.apache.xerces.internal.impl.XMLEntityScanner::skipString (122 bytes)
Event: 15.274 Thread 0x00000260d98bfc40 2742       4       com.sun.org.apache.xerces.internal.impl.XMLEntityScanner::skipSpaces (362 bytes)
Event: 15.275 Thread 0x00000260f1bfa000 nmethod 2735 0x00000260dd062990 code [0x00000260dd062be0, 0x00000260dd063540]
Event: 15.275 Thread 0x00000260f1bfa000 2736       3       com.sun.org.apache.xerces.internal.impl.XMLNSDocumentScannerImpl::scanStartElement (1031 bytes)
Event: 15.278 Thread 0x00000260f1bfa000 nmethod 2736 0x00000260dd063a10 code [0x00000260dd064040, 0x00000260dd0680d8]
Event: 15.278 Thread 0x00000260f1bfa000 2744       3       org.eclipse.core.internal.registry.ExtensionRegistry::getElementFactory (16 bytes)
Event: 15.278 Thread 0x00000260f1bfa000 nmethod 2744 0x00000260dd069490 code [0x00000260dd069660, 0x00000260dd069a90]
Event: 15.278 Thread 0x00000260f1bfa000 2737       3       com.sun.org.apache.xerces.internal.impl.XMLDocumentFragmentScannerImpl$ElementStack::nextElement (129 bytes)

GC Heap History (8 events):
Event: 1.091 GC heap before
{Heap before GC invocations=1 (full 0):
 PSYoungGen      total 29696K, used 25600K [0x00000000d5580000, 0x00000000d7680000, 0x0000000100000000)
  eden space 25600K, 100% used [0x00000000d5580000,0x00000000d6e80000,0x00000000d6e80000)
  from space 4096K, 0% used [0x00000000d7280000,0x00000000d7280000,0x00000000d7680000)
  to   space 4096K, 0% used [0x00000000d6e80000,0x00000000d6e80000,0x00000000d7280000)
 ParOldGen       total 68608K, used 0K [0x0000000080000000, 0x0000000084300000, 0x00000000d5580000)
  object space 68608K, 0% used [0x0000000080000000,0x0000000080000000,0x0000000084300000)
 Metaspace       used 4301K, committed 4544K, reserved 1114112K
  class space    used 469K, committed 576K, reserved 1048576K
}
Event: 1.097 GC heap after
{Heap after GC invocations=1 (full 0):
 PSYoungGen      total 29696K, used 3351K [0x00000000d5580000, 0x00000000d7680000, 0x0000000100000000)
  eden space 25600K, 0% used [0x00000000d5580000,0x00000000d5580000,0x00000000d6e80000)
  from space 4096K, 81% used [0x00000000d6e80000,0x00000000d71c5e28,0x00000000d7280000)
  to   space 4096K, 0% used [0x00000000d7280000,0x00000000d7280000,0x00000000d7680000)
 ParOldGen       total 68608K, used 16K [0x0000000080000000, 0x0000000084300000, 0x00000000d5580000)
  object space 68608K, 0% used [0x0000000080000000,0x0000000080004000,0x0000000084300000)
 Metaspace       used 4301K, committed 4544K, reserved 1114112K
  class space    used 469K, committed 576K, reserved 1048576K
}
Event: 7.019 GC heap before
{Heap before GC invocations=2 (full 0):
 PSYoungGen      total 29696K, used 28951K [0x00000000d5580000, 0x00000000d7680000, 0x0000000100000000)
  eden space 25600K, 100% used [0x00000000d5580000,0x00000000d6e80000,0x00000000d6e80000)
  from space 4096K, 81% used [0x00000000d6e80000,0x00000000d71c5e28,0x00000000d7280000)
  to   space 4096K, 0% used [0x00000000d7280000,0x00000000d7280000,0x00000000d7680000)
 ParOldGen       total 68608K, used 16K [0x0000000080000000, 0x0000000084300000, 0x00000000d5580000)
  object space 68608K, 0% used [0x0000000080000000,0x0000000080004000,0x0000000084300000)
 Metaspace       used 7998K, committed 8256K, reserved 1114112K
  class space    used 837K, committed 960K, reserved 1048576K
}
Event: 7.024 GC heap after
{Heap after GC invocations=2 (full 0):
 PSYoungGen      total 29696K, used 4069K [0x00000000d5580000, 0x00000000d7680000, 0x0000000100000000)
  eden space 25600K, 0% used [0x00000000d5580000,0x00000000d5580000,0x00000000d6e80000)
  from space 4096K, 99% used [0x00000000d7280000,0x00000000d76797a0,0x00000000d7680000)
  to   space 4096K, 0% used [0x00000000d6e80000,0x00000000d6e80000,0x00000000d7280000)
 ParOldGen       total 68608K, used 1737K [0x0000000080000000, 0x0000000084300000, 0x00000000d5580000)
  object space 68608K, 2% used [0x0000000080000000,0x00000000801b26a8,0x0000000084300000)
 Metaspace       used 7998K, committed 8256K, reserved 1114112K
  class space    used 837K, committed 960K, reserved 1048576K
}
Event: 9.903 GC heap before
{Heap before GC invocations=3 (full 0):
 PSYoungGen      total 29696K, used 29669K [0x00000000d5580000, 0x00000000d7680000, 0x0000000100000000)
  eden space 25600K, 100% used [0x00000000d5580000,0x00000000d6e80000,0x00000000d6e80000)
  from space 4096K, 99% used [0x00000000d7280000,0x00000000d76797a0,0x00000000d7680000)
  to   space 4096K, 0% used [0x00000000d6e80000,0x00000000d6e80000,0x00000000d7280000)
 ParOldGen       total 68608K, used 1737K [0x0000000080000000, 0x0000000084300000, 0x00000000d5580000)
  object space 68608K, 2% used [0x0000000080000000,0x00000000801b26a8,0x0000000084300000)
 Metaspace       used 9397K, committed 9728K, reserved 1114112K
  class space    used 1004K, committed 1152K, reserved 1048576K
}
Event: 9.908 GC heap after
{Heap after GC invocations=3 (full 0):
 PSYoungGen      total 29696K, used 4077K [0x00000000d5580000, 0x00000000d7680000, 0x0000000100000000)
  eden space 25600K, 0% used [0x00000000d5580000,0x00000000d5580000,0x00000000d6e80000)
  from space 4096K, 99% used [0x00000000d6e80000,0x00000000d727b488,0x00000000d7280000)
  to   space 4096K, 0% used [0x00000000d7280000,0x00000000d7280000,0x00000000d7680000)
 ParOldGen       total 68608K, used 4828K [0x0000000080000000, 0x0000000084300000, 0x00000000d5580000)
  object space 68608K, 7% used [0x0000000080000000,0x00000000804b7138,0x0000000084300000)
 Metaspace       used 9397K, committed 9728K, reserved 1114112K
  class space    used 1004K, committed 1152K, reserved 1048576K
}
Event: 15.201 GC heap before
{Heap before GC invocations=4 (full 0):
 PSYoungGen      total 29696K, used 29677K [0x00000000d5580000, 0x00000000d7680000, 0x0000000100000000)
  eden space 25600K, 100% used [0x00000000d5580000,0x00000000d6e80000,0x00000000d6e80000)
  from space 4096K, 99% used [0x00000000d6e80000,0x00000000d727b488,0x00000000d7280000)
  to   space 4096K, 0% used [0x00000000d7280000,0x00000000d7280000,0x00000000d7680000)
 ParOldGen       total 68608K, used 4828K [0x0000000080000000, 0x0000000084300000, 0x00000000d5580000)
  object space 68608K, 7% used [0x0000000080000000,0x00000000804b7138,0x0000000084300000)
 Metaspace       used 12138K, committed 12480K, reserved 1114112K
  class space    used 1298K, committed 1472K, reserved 1048576K
}
Event: 15.205 GC heap after
{Heap after GC invocations=4 (full 0):
 PSYoungGen      total 29696K, used 4083K [0x00000000d5580000, 0x00000000d7680000, 0x0000000100000000)
  eden space 25600K, 0% used [0x00000000d5580000,0x00000000d5580000,0x00000000d6e80000)
  from space 4096K, 99% used [0x00000000d7280000,0x00000000d767cc30,0x00000000d7680000)
  to   space 4096K, 0% used [0x00000000d6e80000,0x00000000d6e80000,0x00000000d7280000)
 ParOldGen       total 68608K, used 6580K [0x0000000080000000, 0x0000000084300000, 0x00000000d5580000)
  object space 68608K, 9% used [0x0000000080000000,0x000000008066d038,0x0000000084300000)
 Metaspace       used 12138K, committed 12480K, reserved 1114112K
  class space    used 1298K, committed 1472K, reserved 1048576K
}

Dll operation events (9 events):
Event: 0.011 Loaded shared library c:\Users\taing\.vscode\extensions\redhat.java-1.45.0-win32-x64\jre\21.0.8-win32-x86_64\bin\java.dll
Event: 0.119 Loaded shared library c:\Users\taing\.vscode\extensions\redhat.java-1.45.0-win32-x64\jre\21.0.8-win32-x86_64\bin\zip.dll
Event: 0.143 Loaded shared library C:\Users\taing\.vscode\extensions\redhat.java-1.45.0-win32-x64\jre\21.0.8-win32-x86_64\bin\instrument.dll
Event: 0.150 Loaded shared library C:\Users\taing\.vscode\extensions\redhat.java-1.45.0-win32-x64\jre\21.0.8-win32-x86_64\bin\net.dll
Event: 0.153 Loaded shared library C:\Users\taing\.vscode\extensions\redhat.java-1.45.0-win32-x64\jre\21.0.8-win32-x86_64\bin\nio.dll
Event: 0.156 Loaded shared library C:\Users\taing\.vscode\extensions\redhat.java-1.45.0-win32-x64\jre\21.0.8-win32-x86_64\bin\zip.dll
Event: 0.179 Loaded shared library C:\Users\taing\.vscode\extensions\redhat.java-1.45.0-win32-x64\jre\21.0.8-win32-x86_64\bin\jimage.dll
Event: 0.304 Loaded shared library c:\Users\taing\.vscode\extensions\redhat.java-1.45.0-win32-x64\jre\21.0.8-win32-x86_64\bin\verify.dll
Event: 7.102 Loaded shared library C:\Users\taing\AppData\Roaming\Code\User\globalStorage\redhat.java\1.45.0\config_win\org.eclipse.equinox.launcher\org.eclipse.equinox.launcher.win32.win32.x86_64_1.2.1400.v20250801-0854\eclipse_11916.dll

Deoptimization events (20 events):
Event: 15.193 Thread 0x00000260f66cfe90 Uncommon trap: trap_request=0xffffffde fr.pc=0x00000260e4682aec relative=0x000000000000062c
Event: 15.193 Thread 0x00000260f66cfe90 Uncommon trap: reason=class_check action=maybe_recompile pc=0x00000260e4682aec method=java.io.BufferedInputStream.implRead([BII)I @ 100 c2
Event: 15.193 Thread 0x00000260f66cfe90 DEOPT PACKING pc=0x00000260e4682aec sp=0x000000e95f0f8560
Event: 15.193 Thread 0x00000260f66cfe90 DEOPT UNPACKING pc=0x00000260e40b3aa2 sp=0x000000e95f0f8538 mode 2
Event: 15.194 Thread 0x00000260f66cfe90 Uncommon trap: trap_request=0xffffff45 fr.pc=0x00000260e4682abc relative=0x00000000000005fc
Event: 15.194 Thread 0x00000260f66cfe90 Uncommon trap: reason=unstable_if action=reinterpret pc=0x00000260e4682abc method=java.io.BufferedInputStream.implRead([BII)I @ 55 c2
Event: 15.194 Thread 0x00000260f66cfe90 DEOPT PACKING pc=0x00000260e4682abc sp=0x000000e95f0f8560
Event: 15.194 Thread 0x00000260f66cfe90 DEOPT UNPACKING pc=0x00000260e40b3aa2 sp=0x000000e95f0f8538 mode 2
Event: 15.267 Thread 0x00000260f66cfe90 Uncommon trap: trap_request=0xffffff45 fr.pc=0x00000260e4737540 relative=0x00000000000003c0
Event: 15.267 Thread 0x00000260f66cfe90 Uncommon trap: reason=unstable_if action=reinterpret pc=0x00000260e4737540 method=com.sun.org.apache.xerces.internal.impl.XMLEntityScanner.scanLiteral(ILcom/sun/org/apache/xerces/internal/xni/XMLString;Z)I @ 189 c2
Event: 15.267 Thread 0x00000260f66cfe90 DEOPT PACKING pc=0x00000260e4737540 sp=0x000000e95f0f8570
Event: 15.267 Thread 0x00000260f66cfe90 DEOPT UNPACKING pc=0x00000260e40b3aa2 sp=0x000000e95f0f8500 mode 2
Event: 15.273 Thread 0x00000260f66cfe90 Uncommon trap: trap_request=0xffffff45 fr.pc=0x00000260e4733d2c relative=0x000000000000008c
Event: 15.273 Thread 0x00000260f66cfe90 Uncommon trap: reason=unstable_if action=reinterpret pc=0x00000260e4733d2c method=com.sun.org.apache.xerces.internal.impl.XMLEntityScanner.checkBeforeLoad(Lcom/sun/xml/internal/stream/Entity$ScannedEntity;II)I @ 18 c2
Event: 15.273 Thread 0x00000260f66cfe90 DEOPT PACKING pc=0x00000260e4733d2c sp=0x000000e95f0f8700
Event: 15.273 Thread 0x00000260f66cfe90 DEOPT UNPACKING pc=0x00000260e40b3aa2 sp=0x000000e95f0f8670 mode 2
Event: 15.273 Thread 0x00000260f66cfe90 DEOPT PACKING pc=0x00000260dd0462a8 sp=0x000000e95f0f85b0
Event: 15.273 Thread 0x00000260f66cfe90 DEOPT UNPACKING pc=0x00000260e40b4242 sp=0x000000e95f0f7a70 mode 0
Event: 15.277 Thread 0x00000260f66cfe90 DEOPT PACKING pc=0x00000260dd0462a8 sp=0x000000e95f0f8760
Event: 15.277 Thread 0x00000260f66cfe90 DEOPT UNPACKING pc=0x00000260e40b4242 sp=0x000000e95f0f7c20 mode 0

Classes loaded (20 events):
Event: 15.099 Loading class java/util/concurrent/CompletionStage
Event: 15.099 Loading class java/util/concurrent/CompletionStage done
Event: 15.100 Loading class java/util/Timer
Event: 15.100 Loading class java/util/Timer done
Event: 15.100 Loading class java/util/TaskQueue
Event: 15.100 Loading class java/util/TaskQueue done
Event: 15.100 Loading class java/util/TimerThread
Event: 15.100 Loading class java/util/TimerThread done
Event: 15.100 Loading class java/util/Timer$ThreadReaper
Event: 15.100 Loading class java/util/Timer$ThreadReaper done
Event: 15.106 Loading class java/util/concurrent/locks/ReentrantLock$FairSync
Event: 15.107 Loading class java/util/concurrent/locks/ReentrantLock$FairSync done
Event: 15.179 Loading class java/lang/invoke/DirectMethodHandle$StaticAccessor
Event: 15.180 Loading class java/lang/invoke/DirectMethodHandle$StaticAccessor done
Event: 15.183 Loading class java/lang/IllegalCallerException
Event: 15.183 Loading class java/lang/IllegalCallerException done
Event: 15.186 Loading class java/lang/invoke/DirectMethodHandle$1
Event: 15.186 Loading class java/lang/invoke/DirectMethodHandle$1 done
Event: 15.189 Loading class org/xml/sax/SAXParseException
Event: 15.189 Loading class org/xml/sax/SAXParseException done

Classes unloaded (0 events):
No events

Classes redefined (0 events):
No events

Internal exceptions (20 events):
Event: 1.153 Thread 0x00000260d75ae760 Implicit null exception at 0x00000260e466511a to 0x00000260e466533c
Event: 1.153 Thread 0x00000260d75ae760 Implicit null exception at 0x00000260e4662340 to 0x00000260e46623c5
Event: 1.273 Thread 0x00000260d75ae760 Exception <a 'java/lang/NoSuchMethodError'{0x00000000d5a50c18}: 'void java.lang.invoke.DirectMethodHandle$Holder.invokeSpecial(java.lang.Object, java.lang.Object, java.lang.Object)'> (0x00000000d5a50c18) 
thrown [s\src\hotspot\share\interpreter\linkResolver.cpp, line 773]
Event: 1.519 Thread 0x00000260d75ae760 Exception <a 'java/lang/NoSuchMethodError'{0x00000000d643dff0}: 'int java.lang.invoke.DirectMethodHandle$Holder.invokeVirtual(java.lang.Object, java.lang.Object)'> (0x00000000d643dff0) 
thrown [s\src\hotspot\share\interpreter\linkResolver.cpp, line 773]
Event: 1.613 Thread 0x00000260d75ae760 Exception <a 'java/lang/NoSuchMethodError'{0x00000000d65b4dc0}: 'int java.lang.invoke.DirectMethodHandle$Holder.invokeStaticInit(java.lang.Object, java.lang.Object, java.lang.Object, java.lang.Object)'> (0x00000000d65b4dc0) 
thrown [s\src\hotspot\share\interpreter\linkResolver.cpp, line 773]
Event: 1.615 Thread 0x00000260d75ae760 Exception <a 'java/lang/IncompatibleClassChangeError'{0x00000000d65bd668}: Found class java.lang.Object, but interface was expected> (0x00000000d65bd668) 
thrown [s\src\hotspot\share\interpreter\linkResolver.cpp, line 840]
Event: 1.618 Thread 0x00000260d75ae760 Exception <a 'java/lang/NoSuchMethodError'{0x00000000d65c3c78}: 'void java.lang.invoke.DirectMethodHandle$Holder.invokeStaticInit(java.lang.Object, java.lang.Object)'> (0x00000000d65c3c78) 
thrown [s\src\hotspot\share\interpreter\linkResolver.cpp, line 773]
Event: 1.624 Thread 0x00000260d75ae760 Exception <a 'java/lang/NoSuchMethodError'{0x00000000d65cee50}: 'int java.lang.invoke.DirectMethodHandle$Holder.invokeStaticInit(java.lang.Object, java.lang.Object)'> (0x00000000d65cee50) 
thrown [s\src\hotspot\share\interpreter\linkResolver.cpp, line 773]
Event: 1.723 Thread 0x00000260d75ae760 Exception <a 'java/lang/NoSuchMethodError'{0x00000000d6817740}: 'java.lang.Object java.lang.invoke.DirectMethodHandle$Holder.newInvokeSpecial(java.lang.Object, int, java.lang.Object)'> (0x00000000d6817740) 
thrown [s\src\hotspot\share\interpreter\linkResolver.cpp, line 773]
Event: 1.840 Thread 0x00000260d75ae760 Exception <a 'java/lang/ClassNotFoundException'{0x00000000d6a332a0}: sun/net/www/protocol/plurl/Handler> (0x00000000d6a332a0) 
thrown [s\src\hotspot\share\classfile\systemDictionary.cpp, line 312]
Event: 1.840 Thread 0x00000260d75ae760 Exception <a 'java/lang/ClassNotFoundException'{0x00000000d6a34120}: sun/net/www/protocol/plurl/Handler> (0x00000000d6a34120) 
thrown [s\src\hotspot\share\classfile\systemDictionary.cpp, line 312]
Event: 7.025 Thread 0x00000260d75ae760 Exception <a 'java/lang/UnsatisfiedLinkError'{0x00000000d55db798}: 'void org.eclipse.equinox.launcher.JNIBridge._update_splash()'> (0x00000000d55db798) 
thrown [s\src\hotspot\share\prims\nativeLookup.cpp, line 415]
Event: 7.067 Thread 0x00000260d98edd00 Exception <a 'java/lang/NoSuchMethodError'{0x00000000d587f980}: 'void java.lang.invoke.DirectMethodHandle$Holder.invokeInterface(java.lang.Object, java.lang.Object, java.lang.Object)'> (0x00000000d587f980) 
thrown [s\src\hotspot\share\interpreter\linkResolver.cpp, line 773]
Event: 7.177 Thread 0x00000260f66cfe90 Exception <a 'java/lang/NoSuchMethodError'{0x00000000d5c60850}: 'java.lang.Object java.lang.invoke.DirectMethodHandle$Holder.newInvokeSpecial(java.lang.Object, java.lang.Object, int, java.lang.Object)'> (0x00000000d5c60850) 
thrown [s\src\hotspot\share\interpreter\linkResolver.cpp, line 773]
Event: 7.178 Thread 0x00000260f66cfe90 Exception <a 'java/lang/NoSuchMethodError'{0x00000000d5c646c0}: 'java.lang.Object java.lang.invoke.DirectMethodHandle$Holder.invokeSpecial(java.lang.Object, java.lang.Object, java.lang.Object, int, java.lang.Object)'> (0x00000000d5c646c0) 
thrown [s\src\hotspot\share\interpreter\linkResolver.cpp, line 773]
Event: 7.209 Thread 0x00000260f66cfe90 Exception <a 'java/lang/NoClassDefFoundError'{0x00000000d5d04bc0}: jakarta/servlet/ServletContainerInitializer> (0x00000000d5d04bc0) 
thrown [s\src\hotspot\share\classfile\systemDictionary.cpp, line 301]
Event: 7.279 Thread 0x00000260f66cfe90 Exception <a 'java/lang/ClassNotFoundException'{0x00000000d5e6a280}: sun/util/logging/resources/spi/loggingProvider> (0x00000000d5e6a280) 
thrown [s\src\hotspot\share\classfile\systemDictionary.cpp, line 312]
Event: 15.058 Thread 0x00000260f66cfe90 Exception <a 'java/lang/NullPointerException'{0x00000000d633f750}> (0x00000000d633f750) 
thrown [s\src\hotspot\share\interpreter\linkResolver.cpp, line 1372]
Event: 15.058 Thread 0x00000260f66cfe90 Exception <a 'java/lang/NullPointerException'{0x00000000d633fa30}> (0x00000000d633fa30) 
thrown [s\src\hotspot\share\interpreter\linkResolver.cpp, line 1372]
Event: 15.181 Thread 0x00000260f66cfe90 Exception <a 'java/lang/NoSuchMethodError'{0x00000000d6d239e8}: 'void java.lang.invoke.Invokers$Holder.invokeExact_MT(java.lang.Object, java.lang.Object, java.lang.Object)'> (0x00000000d6d239e8) 
thrown [s\src\hotspot\share\interpreter\linkResolver.cpp, line 773]

ZGC Phase Switch (0 events):
No events

VM Operations (20 events):
Event: 7.297 Executing VM operation: HandshakeAllThreads (Deoptimize)
Event: 7.297 Executing VM operation: HandshakeAllThreads (Deoptimize) done
Event: 7.319 Executing VM operation: HandshakeAllThreads (Deoptimize)
Event: 7.319 Executing VM operation: HandshakeAllThreads (Deoptimize) done
Event: 7.327 Executing VM operation: HandshakeAllThreads (Deoptimize)
Event: 7.327 Executing VM operation: HandshakeAllThreads (Deoptimize) done
Event: 8.330 Executing VM operation: Cleanup
Event: 8.330 Executing VM operation: Cleanup done
Event: 9.903 Executing VM operation: ParallelGCFailedAllocation (Allocation Failure)
Event: 9.908 Executing VM operation: ParallelGCFailedAllocation (Allocation Failure) done
Event: 10.909 Executing VM operation: Cleanup
Event: 10.909 Executing VM operation: Cleanup done
Event: 13.921 Executing VM operation: Cleanup
Event: 13.921 Executing VM operation: Cleanup done
Event: 14.923 Executing VM operation: Cleanup
Event: 14.923 Executing VM operation: Cleanup done
Event: 15.107 Executing VM operation: HandshakeAllThreads (Deoptimize)
Event: 15.107 Executing VM operation: HandshakeAllThreads (Deoptimize) done
Event: 15.201 Executing VM operation: ParallelGCFailedAllocation (Allocation Failure)
Event: 15.205 Executing VM operation: ParallelGCFailedAllocation (Allocation Failure) done

Memory protections (0 events):
No events

Nmethod flushes (0 events):
No events

Events (20 events):
Event: 0.811 Thread 0x00000260f604cd20 Thread exited: 0x00000260f604cd20
Event: 1.331 Thread 0x00000260f1bfa000 Thread added: 0x00000260f67696f0
Event: 1.627 Thread 0x00000260f1d3aae0 Thread exited: 0x00000260f1d3aae0
Event: 1.627 Thread 0x00000260f67696f0 Thread exited: 0x00000260f67696f0
Event: 1.640 Thread 0x00000260d75ae760 Thread added: 0x00000260f67696b0
Event: 1.879 Thread 0x00000260f1bfa000 Thread added: 0x00000260f680fcc0
Event: 2.076 Thread 0x00000260f680fcc0 Thread exited: 0x00000260f680fcc0
Event: 7.017 Thread 0x00000260d75ae760 Thread added: 0x00000260d98edd00
Event: 7.070 Thread 0x00000260d98edd00 Thread added: 0x00000260f6785800
Event: 7.104 Thread 0x00000260d75ae760 Thread added: 0x00000260f66cfe90
Event: 7.335 Thread 0x00000260f1bfa000 Thread added: 0x00000260f1cada40
Event: 7.340 Thread 0x00000260f1bfa000 Thread added: 0x00000260f1cae0e0
Event: 7.884 Thread 0x00000260f1cae0e0 Thread exited: 0x00000260f1cae0e0
Event: 7.884 Thread 0x00000260f1cada40 Thread exited: 0x00000260f1cada40
Event: 9.899 Thread 0x00000260f1bfa000 Thread added: 0x00000260f1cada40
Event: 10.038 Thread 0x00000260f66cfe90 Thread added: 0x00000260f6cd9060
Event: 10.221 Thread 0x00000260f1cada40 Thread exited: 0x00000260f1cada40
Event: 15.042 Thread 0x00000260f66cfe90 Thread added: 0x00000260f6b95970
Event: 15.100 Thread 0x00000260f66cfe90 Thread added: 0x00000260f63a5c90
Event: 15.200 Thread 0x00000260f1bfa000 Thread added: 0x00000260f68f8930


Dynamic libraries:
0x00007ff6798b0000 - 0x00007ff6798be000 	c:\Users\taing\.vscode\extensions\redhat.java-1.45.0-win32-x64\jre\21.0.8-win32-x86_64\bin\java.exe
0x00007ffea5860000 - 0x00007ffea5ac9000 	C:\WINDOWS\SYSTEM32\ntdll.dll
0x00007ffea4470000 - 0x00007ffea4539000 	C:\WINDOWS\System32\KERNEL32.DLL
0x00007ffea2cf0000 - 0x00007ffea30e3000 	C:\WINDOWS\System32\KERNELBASE.dll
0x00007ffea3220000 - 0x00007ffea336b000 	C:\WINDOWS\System32\ucrtbase.dll
0x00007ffe7cbe0000 - 0x00007ffe7cbf8000 	c:\Users\taing\.vscode\extensions\redhat.java-1.45.0-win32-x64\jre\21.0.8-win32-x86_64\bin\jli.dll
0x00007ffea5060000 - 0x00007ffea5224000 	C:\WINDOWS\System32\USER32.dll
0x00007ffea29f0000 - 0x00007ffea2a17000 	C:\WINDOWS\System32\win32u.dll
0x00007ffea38d0000 - 0x00007ffea38fb000 	C:\WINDOWS\System32\GDI32.dll
0x00007ffea30f0000 - 0x00007ffea321d000 	C:\WINDOWS\System32\gdi32full.dll
0x00007ffea34e0000 - 0x00007ffea3583000 	C:\WINDOWS\System32\msvcp_win.dll
0x00007ffe7d5f0000 - 0x00007ffe7d60e000 	c:\Users\taing\.vscode\extensions\redhat.java-1.45.0-win32-x64\jre\21.0.8-win32-x86_64\bin\VCRUNTIME140.dll
0x00007ffe8db00000 - 0x00007ffe8dd93000 	C:\WINDOWS\WinSxS\amd64_microsoft.windows.common-controls_6595b64144ccf1df_6.0.26100.5074_none_3e0d6f78e32fd63f\COMCTL32.dll
0x00007ffea5560000 - 0x00007ffea5609000 	C:\WINDOWS\System32\msvcrt.dll
0x00007ffea57e0000 - 0x00007ffea580f000 	C:\WINDOWS\System32\IMM32.DLL
0x00007ffe7dc50000 - 0x00007ffe7dc5c000 	c:\Users\taing\.vscode\extensions\redhat.java-1.45.0-win32-x64\jre\21.0.8-win32-x86_64\bin\vcruntime140_1.dll
0x00007ffe7cb50000 - 0x00007ffe7cbdd000 	c:\Users\taing\.vscode\extensions\redhat.java-1.45.0-win32-x64\jre\21.0.8-win32-x86_64\bin\msvcp140.dll
0x00007ffe17430000 - 0x00007ffe181c7000 	c:\Users\taing\.vscode\extensions\redhat.java-1.45.0-win32-x64\jre\21.0.8-win32-x86_64\bin\server\jvm.dll
0x00007ffea5710000 - 0x00007ffea57c4000 	C:\WINDOWS\System32\ADVAPI32.dll
0x00007ffea54b0000 - 0x00007ffea5556000 	C:\WINDOWS\System32\sechost.dll
0x00007ffea4350000 - 0x00007ffea4468000 	C:\WINDOWS\System32\RPCRT4.dll
0x00007ffea3850000 - 0x00007ffea38c4000 	C:\WINDOWS\System32\WS2_32.dll
0x00007ffea2850000 - 0x00007ffea28ae000 	C:\WINDOWS\SYSTEM32\POWRPROF.dll
0x00007ffe93210000 - 0x00007ffe93245000 	C:\WINDOWS\SYSTEM32\WINMM.dll
0x00007ffe954b0000 - 0x00007ffe954bb000 	C:\WINDOWS\SYSTEM32\VERSION.dll
0x00007ffea2830000 - 0x00007ffea2844000 	C:\WINDOWS\SYSTEM32\UMPDC.dll
0x00007ffea1790000 - 0x00007ffea17ab000 	C:\WINDOWS\SYSTEM32\kernel.appcore.dll
0x00007ffe7dbf0000 - 0x00007ffe7dbfa000 	c:\Users\taing\.vscode\extensions\redhat.java-1.45.0-win32-x64\jre\21.0.8-win32-x86_64\bin\jimage.dll
0x00007ffe9fca0000 - 0x00007ffe9fee2000 	C:\WINDOWS\SYSTEM32\DBGHELP.DLL
0x00007ffea4b00000 - 0x00007ffea4e7b000 	C:\WINDOWS\System32\combase.dll
0x00007ffea3630000 - 0x00007ffea3707000 	C:\WINDOWS\System32\OLEAUT32.dll
0x00007ffe8d6d0000 - 0x00007ffe8d70d000 	C:\WINDOWS\SYSTEM32\dbgcore.DLL
0x00007ffea3590000 - 0x00007ffea3629000 	C:\WINDOWS\System32\bcryptPrimitives.dll
0x00007ffe9d540000 - 0x00007ffe9d54f000 	c:\Users\taing\.vscode\extensions\redhat.java-1.45.0-win32-x64\jre\21.0.8-win32-x86_64\bin\instrument.dll
0x00007ffe7cb30000 - 0x00007ffe7cb4f000 	c:\Users\taing\.vscode\extensions\redhat.java-1.45.0-win32-x64\jre\21.0.8-win32-x86_64\bin\java.dll
0x00007ffea3b00000 - 0x00007ffea424d000 	C:\WINDOWS\System32\SHELL32.dll
0x00007ffea3370000 - 0x00007ffea34dc000 	C:\WINDOWS\System32\wintypes.dll
0x00007ffea0630000 - 0x00007ffea0e89000 	C:\WINDOWS\SYSTEM32\windows.storage.dll
0x00007ffea4250000 - 0x00007ffea4340000 	C:\WINDOWS\System32\SHCORE.dll
0x00007ffea5440000 - 0x00007ffea54a2000 	C:\WINDOWS\System32\shlwapi.dll
0x00007ffea2910000 - 0x00007ffea2939000 	C:\WINDOWS\SYSTEM32\profapi.dll
0x00007ffe7cb10000 - 0x00007ffe7cb28000 	c:\Users\taing\.vscode\extensions\redhat.java-1.45.0-win32-x64\jre\21.0.8-win32-x86_64\bin\zip.dll
0x00007ffe7cb00000 - 0x00007ffe7cb10000 	C:\Users\taing\.vscode\extensions\redhat.java-1.45.0-win32-x64\jre\21.0.8-win32-x86_64\bin\net.dll
0x00007ffe99e20000 - 0x00007ffe99f3f000 	C:\WINDOWS\SYSTEM32\WINHTTP.dll
0x00007ffea1cf0000 - 0x00007ffea1d5b000 	C:\WINDOWS\system32\mswsock.dll
0x00007ffe7cae0000 - 0x00007ffe7caf6000 	C:\Users\taing\.vscode\extensions\redhat.java-1.45.0-win32-x64\jre\21.0.8-win32-x86_64\bin\nio.dll
0x00007ffe9c0b0000 - 0x00007ffe9c0c0000 	c:\Users\taing\.vscode\extensions\redhat.java-1.45.0-win32-x64\jre\21.0.8-win32-x86_64\bin\verify.dll
0x00007ffe55830000 - 0x00007ffe55874000 	C:\Users\taing\AppData\Roaming\Code\User\globalStorage\redhat.java\1.45.0\config_win\org.eclipse.equinox.launcher\org.eclipse.equinox.launcher.win32.win32.x86_64_1.2.1400.v20250801-0854\eclipse_11916.dll
0x00007ffea5230000 - 0x00007ffea53c8000 	C:\WINDOWS\System32\ole32.dll

JVMTI agents:
c:\Users\taing\.vscode\extensions\redhat.java-1.45.0-win32-x64\lombok\lombok-1.18.39-4050.jar path:c:\Users\taing\.vscode\extensions\redhat.java-1.45.0-win32-x64\jre\21.0.8-win32-x86_64\bin\instrument.dll, loaded, initialized, instrumentlib options:none

dbghelp: loaded successfully - version: 4.0.5 - missing functions: none
symbol engine: initialized successfully - sym options: 0x614 - pdb path: .;c:\Users\taing\.vscode\extensions\redhat.java-1.45.0-win32-x64\jre\21.0.8-win32-x86_64\bin;C:\WINDOWS\SYSTEM32;C:\WINDOWS\WinSxS\amd64_microsoft.windows.common-controls_6595b64144ccf1df_6.0.26100.5074_none_3e0d6f78e32fd63f;c:\Users\taing\.vscode\extensions\redhat.java-1.45.0-win32-x64\jre\21.0.8-win32-x86_64\bin\server;C:\Users\taing\AppData\Roaming\Code\User\globalStorage\redhat.java\1.45.0\config_win\org.eclipse.equinox.launcher\org.eclipse.equinox.launcher.win32.win32.x86_64_1.2.1400.v20250801-0854

VM Arguments:
jvm_args: --add-modules=ALL-SYSTEM --add-opens=java.base/java.util=ALL-UNNAMED --add-opens=java.base/java.lang=ALL-UNNAMED --add-opens=java.base/sun.nio.fs=ALL-UNNAMED -Declipse.application=org.eclipse.jdt.ls.core.id1 -Dosgi.bundles.defaultStartLevel=4 -Declipse.product=org.eclipse.jdt.ls.core.product -Djava.import.generatesMetadataFilesAtProjectRoot=false -DDetectVMInstallationsJob.disabled=true -Dfile.encoding=utf8 -XX:+UseParallelGC -XX:GCTimeRatio=4 -XX:AdaptiveSizePolicyWeight=90 -Dsun.zip.disableMemoryMapping=true -Xmx2G -Xms100m -Xlog:disable -javaagent:c:\Users\taing\.vscode\extensions\redhat.java-1.45.0-win32-x64\lombok\lombok-1.18.39-4050.jar -XX:+HeapDumpOnOutOfMemoryError -XX:HeapDumpPath=c:\Users\taing\AppData\Roaming\Code\User\workspaceStorage\119ec72e7fbf3ca6addfd808ea90f62c\redhat.java -Daether.dependencyCollector.impl=bf 
java_command: c:\Users\taing\.vscode\extensions\redhat.java-1.45.0-win32-x64\server\plugins\org.eclipse.equinox.launcher_1.7.0.v20250519-0528.jar -configuration c:\Users\taing\AppData\Roaming\Code\User\globalStorage\redhat.java\1.45.0\config_win -data c:\Users\taing\AppData\Roaming\Code\User\workspaceStorage\119ec72e7fbf3ca6addfd808ea90f62c\redhat.java\jdt_ws --pipe=\\.\pipe\lsp-133b4f7aa1b0773e82aef5c9228c9956-sock
java_class_path (initial): c:\Users\taing\.vscode\extensions\redhat.java-1.45.0-win32-x64\server\plugins\org.eclipse.equinox.launcher_1.7.0.v20250519-0528.jar
Launcher Type: SUN_STANDARD

[Global flags]
    uintx AdaptiveSizePolicyWeight                 = 90                                        {product} {command line}
     intx CICompilerCount                          = 4                                         {product} {ergonomic}
    uintx GCTimeRatio                              = 4                                         {product} {command line}
     bool HeapDumpOnOutOfMemoryError               = true                                   {manageable} {command line}
    ccstr HeapDumpPath                             = c:\Users\taing\AppData\Roaming\Code\User\workspaceStorage\119ec72e7fbf3ca6addfd808ea90f62c\redhat.java         {manageable} {command line}
   size_t InitialHeapSize                          = 104857600                                 {product} {command line}
   size_t MaxHeapSize                              = 2147483648                                {product} {command line}
   size_t MaxNewSize                               = 715653120                                 {product} {ergonomic}
   size_t MinHeapDeltaBytes                        = 524288                                    {product} {ergonomic}
   size_t MinHeapSize                              = 104857600                                 {product} {command line}
   size_t NewSize                                  = 34603008                                  {product} {ergonomic}
    uintx NonNMethodCodeHeapSize                   = 5839372                                {pd product} {ergonomic}
    uintx NonProfiledCodeHeapSize                  = 122909434                              {pd product} {ergonomic}
   size_t OldSize                                  = 70254592                                  {product} {ergonomic}
    uintx ProfiledCodeHeapSize                     = 122909434                              {pd product} {ergonomic}
    uintx ReservedCodeCacheSize                    = 251658240                              {pd product} {ergonomic}
     bool SegmentedCodeCache                       = true                                      {product} {ergonomic}
   size_t SoftMaxHeapSize                          = 2147483648                             {manageable} {ergonomic}
     bool UseCompressedOops                        = true                           {product lp64_product} {ergonomic}
     bool UseLargePagesIndividualAllocation        = false                                  {pd product} {ergonomic}
     bool UseParallelGC                            = true                                      {product} {command line}

Logging:
Log output configuration:
 #0: stdout all=off uptime,level,tags foldmultilines=false
 #1: stderr all=off uptime,level,tags foldmultilines=false

Environment Variables:
PATH=C:\Program Files\Common Files\Oracle\Java\javapath;C:\Program Files (x86)\Common Files\Oracle\Java\java8path;C:\Program Files (x86)\Common Files\Oracle\Java\javapath;C:\WINDOWS\system32;C:\WINDOWS;C:\WINDOWS\System32\Wbem;C:\WINDOWS\System32\WindowsPowerShell\v1.0\;C:\WINDOWS\System32\OpenSSH\;C:\Program Files (x86)\Microsoft SQL Server\160\Tools\Binn\;C:\Program Files\Microsoft SQL Server\160\Tools\Binn\;C:\Program Files\Microsoft SQL Server\Client SDK\ODBC\170\Tools\Binn\;C:\Program Files\Microsoft SQL Server\160\DTS\Binn\;C:\Program Files (x86)\Microsoft SQL Server\160\DTS\Binn\;C:\Program Files\Azure Data Studio\bin;C:\Program Files\dotnet\;C:\Program Files (x86)\NVIDIA Corporation\PhysX\Common;C:\Program Files\NVIDIA Corporation\NVIDIA NvDLISR;C:\Program Files\nodejs\;C:\Program Files\Docker\Docker\resources\bin;c:\Users\taing\AppData\Local\Programs\cursor\resources\app\bin;C:\Program Files\Git\cmd;C:\Program Files\Cloudflare\Cloudflare WARP\;C:\Program Files (x86)\IVI Foundation\VISA\WinNT\Bin;C:\WINDOWS\system32;C:\WINDOWS;C:\WINDOWS\System32\Wbem;C:\WINDOWS\System32\WindowsPowerShell\v1.0\;C:\WINDOWS\System32\OpenSSH\;c:\page;C:\Users\taing\AppData\Local\Programs\Python\Python313\Scripts\;C:\Users\taing\AppData\Local\Programs\Python\Python313\;C:\Users\taing\AppData\Local\Microsoft\WindowsApps;C:\Program Files\Azure Data Studio\bin;C:\Users\taing\AppData\Local\Programs\Microsoft VS Code\bin;C:\Users\taing\AppData\Local\GitHubDesktop\bin;C:\Users\taing\AppData\Roaming\npm;C:\Users\taing\.lmstudio\bin;C:\Program Files\JetBrains\IntelliJ IDEA 2024.3\bin;;C:\Program Files\JetBrains\IntelliJ IDEA Community Edition 2025.1\bin;;C:\Users\taing\AppData\Local\Microsoft\WindowsApps;
USERNAME=taing
OS=Windows_NT
PROCESSOR_IDENTIFIER=Intel64 Family 6 Model 165 Stepping 2, GenuineIntel
TMP=C:\Users\taing\AppData\Local\Temp
TEMP=C:\Users\taing\AppData\Local\Temp




Periodic native trim disabled

---------------  S Y S T E M  ---------------

OS:
 Windows 11 , 64 bit Build 26100 (10.0.26100.5074)
OS uptime: 0 days 8:11 hours
Hyper-V role detected

CPU: total 8 (initial active 8) (4 cores per cpu, 2 threads per core) family 6 model 165 stepping 2 microcode 0xe0, cx8, cmov, fxsr, ht, mmx, 3dnowpref, sse, sse2, sse3, ssse3, sse4.1, sse4.2, popcnt, lzcnt, tsc, tscinvbit, avx, avx2, aes, erms, clmul, bmi1, bmi2, adx, fma, vzeroupper, clflush, clflushopt, hv, rdtscp, f16c
Processor Information for the first 8 processors :
  Max Mhz: 2496, Current Mhz: 2496, Mhz Limit: 2496

Memory: 4k page, system-wide physical 16215M (1493M free)
TotalPageFile size 28857M (AvailPageFile size 145M)
current process WorkingSet (physical memory assigned to process): 112M, peak: 114M
current process commit charge ("private bytes"): 250M, peak: 252M

vm_info: OpenJDK 64-Bit Server VM (21.0.8+9-LTS) for windows-amd64 JRE (21.0.8+9-LTS), built on 2025-07-15T00:00:00Z by "admin" with MS VC++ 17.7 (VS2022)

END.
